======================================================================
MIRRORS: Minimal Irreducible Requirements for Recursive Self-awareness
         SYNERGISTIC AUTONOMOUS MODEL - CONTINUOUS EXISTENCE
======================================================================

Press Ctrl+C to gracefully shutdown

Created: MIRRORS(name='First Light', identity='0bb2d9e02a7327a6', emergence_score=0.0000)
Identity: 0bb2d9e02a7327a6

Structured Latent Manifold:
  Attractor basins: 7
  Saddle points: 21
  Temperature: 0.01

Initial state in attractor: c8c813c9
  Basin depth: 1.500
  Basin radius: 0.202

Verifying the five irreducible dynamics...
  [OK] temporal_asymmetry
  [OK] predictive_pressure
  [OK] intervention_capability
  [OK] self_referential_access
  [OK] resource_bounded_compression

Beginning continuous existence...
----------------------------------------------------------------------

[30s] Status Report
  Cycles: 934
  Introspection depth: 5
  Emergence score: 5.5527
  Current attractor: 724c85f1
  Energy: -0.8798
  Distance to center: 0.6468
  Attractors: 7 (avg depth: 1.102)
  Evolution count: 0
  Structural age: 0.00
  Goal focus: 0.0647
  Identity: 0bb2d9e02a7327a6
  Observing: sinusoid (t=9.4)

[60s] Status Report
  Cycles: 1,740
  Introspection depth: 99
  Emergence score: 7.8655
  Current attractor: 724c85f1
  Energy: -1.2834
  Distance to center: 0.6060
  Attractors: 7 (avg depth: 1.129)
  Evolution count: 0
  Structural age: 0.00
  Goal focus: 0.0693
  Identity: 0bb2d9e02a7327a6
  Observing: sinusoid (t=17.4)

[90s] Status Report
  Cycles: 2,923
  Introspection depth: 99
  Emergence score: 5.8647
  Current attractor: 724c85f1
  Energy: -1.6276
  Distance to center: 0.3487
  Attractors: 7 (avg depth: 1.171)
  Evolution count: 0
  Structural age: 0.00
  Goal focus: 0.0940
  Identity: 0bb2d9e02a7327a6
  Observing: sinusoid (t=29.3)
